// Jest Snapshot v1, https://goo.gl/fbAQLP

exports[`Sitemap should render no Lang  1`] = `"<?xml version=\\"1.0\\" encoding=\\"UTF-8\\"?><urlset xmlns=\\"http://www.sitemaps.org/schemas/sitemap/0.9\\" xmlns:news=\\"http://www.google.com/schemas/sitemap-news/0.9\\" xmlns:xhtml=\\"http://www.w3.org/1999/xhtml\\" xmlns:image=\\"http://www.google.com/schemas/sitemap-image/1.1\\" xmlns:video=\\"http://www.google.com/schemas/sitemap-video/1.1\\"><url><loc>https://www.perspektivregion.eu/testSlug1</loc><xhtml:link rel=\\"alternate\\" hreflang=\\"de\\" href=\\"https://www.perspektivregion.eu/testSlug1\\"/><xhtml:link rel=\\"alternate\\" hreflang=\\"da\\" href=\\"https://www.perspektivregion.eu/daundefined\\"/><xhtml:link rel=\\"alternate\\" hreflang=\\"en\\" href=\\"https://www.perspektivregion.eu/enundefined\\"/></url><url><loc>https://www.perspektivregion.eu/daundefined</loc><xhtml:link rel=\\"alternate\\" hreflang=\\"de\\" href=\\"https://www.perspektivregion.eu/testSlug1\\"/><xhtml:link rel=\\"alternate\\" hreflang=\\"da\\" href=\\"https://www.perspektivregion.eu/daundefined\\"/><xhtml:link rel=\\"alternate\\" hreflang=\\"en\\" href=\\"https://www.perspektivregion.eu/enundefined\\"/></url><url><loc>https://www.perspektivregion.eu/enundefined</loc><xhtml:link rel=\\"alternate\\" hreflang=\\"de\\" href=\\"https://www.perspektivregion.eu/testSlug1\\"/><xhtml:link rel=\\"alternate\\" hreflang=\\"da\\" href=\\"https://www.perspektivregion.eu/daundefined\\"/><xhtml:link rel=\\"alternate\\" hreflang=\\"en\\" href=\\"https://www.perspektivregion.eu/enundefined\\"/></url><url><loc>https://www.perspektivregion.eu/testSlug2</loc><xhtml:link rel=\\"alternate\\" hreflang=\\"de\\" href=\\"https://www.perspektivregion.eu/testSlug2\\"/><xhtml:link rel=\\"alternate\\" hreflang=\\"da\\" href=\\"https://www.perspektivregion.eu/daundefined\\"/><xhtml:link rel=\\"alternate\\" hreflang=\\"en\\" href=\\"https://www.perspektivregion.eu/enundefined\\"/></url><url><loc>https://www.perspektivregion.eu/daundefined</loc><xhtml:link rel=\\"alternate\\" hreflang=\\"de\\" href=\\"https://www.perspektivregion.eu/testSlug2\\"/><xhtml:link rel=\\"alternate\\" hreflang=\\"da\\" href=\\"https://www.perspektivregion.eu/daundefined\\"/><xhtml:link rel=\\"alternate\\" hreflang=\\"en\\" href=\\"https://www.perspektivregion.eu/enundefined\\"/></url><url><loc>https://www.perspektivregion.eu/enundefined</loc><xhtml:link rel=\\"alternate\\" hreflang=\\"de\\" href=\\"https://www.perspektivregion.eu/testSlug2\\"/><xhtml:link rel=\\"alternate\\" hreflang=\\"da\\" href=\\"https://www.perspektivregion.eu/daundefined\\"/><xhtml:link rel=\\"alternate\\" hreflang=\\"en\\" href=\\"https://www.perspektivregion.eu/enundefined\\"/></url></urlset>"`;
